



_hyperlink_test_

parsed links:
http://www.silvercoders.com/ @ index = 4 length = 16
