




_hyperlink_test_		
	







parsed links:
http://www.silvercoders.com/ @ index = 5 length = 16
