 
_hyperlink_test_ 

parsed links:
http://www.silvercoders.com/ @ index = 2 length = 16
