_hyperlink_test_	







parsed links:
http://www.silvercoders.com/ @ index = 0 length = 16
