<HYPERLINK "http://www.silvercoders.com/" >hyperlink test

