1.	first
2.	second
3.	third
4.	fourth
5.	fifth
6.	sixth
7.	seventh
8.	eighth
9.	nineth
10.	tenth
11.	eleventh
12.	twelweth
13.	thirteenth
14.	fourteenth
15.	fiveteenth
16.	sixteenth
17.	seventeenth
18.	eighteenth

