




_mail_example_		
	







parsed links:
mailto:mail@example.com @ index = 5 length = 14
