 
_mail_example_ 

parsed links:
mailto:mail@example.com @ index = 2 length = 14
