_mail_example_

parsed links:
mailto:mail@example.com @ index = 0 length = 14
