<HYPERLINK "mailto:mail@example.com" >mail example

