_first_	12	13	14	15
21	_second_	23	24	25
31	32	_third_	34	35
41	42	43	_fourth_	45
51	52	53	54	_fiveth_


