




_first_	12	13	14	15		
21	_second_	23	24	25		
31	32	_third_	34	35		
41	42	43	_fourth_	45		
51	52	53	54	_fiveth_		
	







parsed links:
http://www.first.com/ @ index = 5 length = 7
http://www.second.com/ @ index = 30 length = 8
http://www.third.com/ @ index = 56 length = 7
http://www.fourth.com/ @ index = 81 length = 8
http://www.fiveth.com/ @ index = 107 length = 8
