 
_first_ 	12	13	14	15
21	_second_ 	23	24	25
31	32	_third_ 	34	35
41	42	43	_fourth_ 	45
51	52	53	54	_fiveth_ 

Â 

parsed links:
http://www.first.com/ @ index = 2 length = 7
http://www.second.com/ @ index = 26 length = 8
http://www.third.com/ @ index = 51 length = 7
http://www.fourth.com/ @ index = 75 length = 8
http://www.fiveth.com/ @ index = 100 length = 8
