_hyperlink_example_
Some text
List:
 * first
 * second
 * third
Other list:
 * one
 * two
 * three


Table:
11	12	13	14
21	22	23	24
31	32	33	34
41	42	43	44


Table with hyperlinks:
	
	


Table with lists:
first
 * one
 * two
 * three	second
1. one
2. two
3. three	third
 * one
 * two
 * three
fourth
1. one
2. two
3. three	fiveth
 * one
 * two
 * three	sixth
1. one
2. two
seventh	eighth	nineth
1. one
2. two
3. three
4. four

_email_example_



parsed links:
http://www.example.com/ @ index = 0 length = 19
mailto:email@example.com @ index = 427 length = 15
