_hyperlink_example_
Some text
List:
1. first
2. second
3. third
Other list:
 * one
 * two
 * three
Table:
11	12	13	14
21	22	23	24
31	32	33	34
41	42	43	44
Table with hyperlinks:
_first_	_second_
_third_	_fourth_
Table with lists:
first
 * one
 * two
 * three	second
1. one
2. two
3. three	third
 * one
 * two
 * three
fourth
1. one
2. two
3. three	fiveth
 * one
 * two
 * three	sixth
1. one
2. two
seventh	eighth	nineth
1. one
2. two
3. three
4. four
_email_example_

parsed links:
http://www.example.com/ @ index = 0 length = 19
http://www.first.com/ @ index = 177 length = 7
http://www.second.com/ @ index = 185 length = 8
http://www.third.com/ @ index = 194 length = 7
http://www.fourth.com/ @ index = 202 length = 8
mailto:email@example.com @ index = 450 length = 15
