hyperlink example
Some text
List:
first
second
third
Other list:
one
two
three
Table:
11
12
13
14
21
22
23
24
31
32
33
34
41
42
43
44
Table with hyperlinks:
first
second
third
fourth
Table with lists:
first
one
two
three
second
one
two
three
third
one
two
three
fourth
one
two
three
fiveth
one
two
three
sixth
one
two
seventh
eighth
nineth
one
two
three
four
email example

