hyperlink example
Some text
List:
1. first
2. second
3. third
Other list:
l  one
l  two
l  three
table:
11	12	13	14
21	22	23	24
31	32	33	34
41	42	43	44
Table with hyperlinks:
first	second
third	fourth
Tabela with lists:
first	second	third
l  one	1.      one	l  one
l  two	2.      two	l  two
l  three	3.      three	l  three
fourth	fiveth	sixth
1.      one	l  one	1.      one
2.      two	l  two	2.      two
3.      three	l  three	
seventh	eighth	nineth
		1.      one
		2.      two
		3.      three
		4.      four

email example

