Author: Nnnnn Sssss
Last modified by: Nnnnn2 Sssss2
Page 1.

Page 2


