
35915	35915
35946	35946
35976	35976
36007	36007
36038	3603832	1232	1228	1212	2115	28
 	Datenreihe 1	Datenreihe 2
05-01-02	32	12
06-01-02	32	12
07-01-02	28	12
08-01-02	12	21
09-01-02	15	28


	Ziehen Sie zum Дndern der GrцЯe des Diagrammdatenbereichs die untere rechte Ecke des Bereichs.	


