First embedded spreadsheet:

A1	B1
A2	B2


Second embedded spreadsheet (with national characters):

A1	B1
A2	B2
aę	ŚĆ




