This is a header.
Second paragraph of header. _http://silvercoders.com_


Page one.
Page two.

This is a footer.
Second paragraph of footer. _http://silvercoders.com_

