









		test

		test2


		test23


		テキストフッター



