Author: Nnnnn Sssss
Creation time: 2012-11-02 23:00:27
Last modified by: Nnnnn2 Sssss2
Last modification time: 2012-11-03 20:53:45
Page count: 1 (estimated)
Word count: 4 (estimated)
