Author: Nnnnn Sssss
Creation time: 2012-11-02 22:34:22
Last modified by: Nnnnn Sssss
Last modification time: 2012-11-02 22:36:00
Page count: 1
Word count: 2
