Author: Nnnnn Sssss
Creation time: 2012-11-02 23:00:31
Last modified by: Nnnnn Sssss (estimated)
Last modification time: 2012-11-02 23:00:31 (estimated)
Page count: 1 (estimated)
Word count: 4 (estimated)
