Author: Nnnnn Sssss
Creation time: 2013-03-09 18:41:24
Last modified by: Nnnnn2 Sssss2
Last modification time: 2013-03-09 18:47:04
Page count: 2
Word count: 4 (estimated)
