Author: Nnnnn Sssss
Creation time: 2012-11-02 22:59:00
Last modified by: Nnnnn Sssss (estimated)
Last modification time: 2012-11-02 22:59:00 (estimated)
Page count: 1 (estimated)
Word count: 2 (estimated)
