Author: Nnnnn Sssss
Creation time: 2012-11-02 23:59:13
Last modified by: Nnnnn Sssss
Last modification time: 2012-11-03 00:00:11
Page count: 1
Word count: 2 (estimated)
