Author: Nnnnn Sssss
Creation time: 2012-11-02 21:36:14
Last modified by: Nnnnn Sssss (estimated)
Last modification time: 2012-11-02 21:36:14 (estimated)
Page count: 1 (estimated)
Word count: 4 (estimated)
