Author: Nnnnn Sssss
Creation time: 2012-11-02 23:00:27
Last modified by: Nnnnn Sssss
Last modification time: 2012-11-02 23:01:25
Page count: 1 (estimated)
Word count: 2 (estimated)
