Author: OWNER (estimated)
Creation time: 2012-11-04 14:03:20 (estimated)
Last modified by: OWNER (estimated)
Last modification time: 2012-11-04 14:03:20 (estimated)
Page count: 2
Word count: 4 (estimated)
