Author: Nnnnn Sssss
Creation time: 2012-11-02 22:37:42
Last modified by: Nnnnn Sssss (estimated)
Last modification time: 2012-11-02 22:37:42 (estimated)
Page count: 1 (estimated)
Word count: 4 (estimated)
