Author: Nnnnn Sssss
Creation time: 2013-03-09 18:41:24
Last modified by: Nnnnn Sssss
Last modification time: 2013-03-09 18:42:25
Page count: 1
Word count: 2 (estimated)
