Object Linking and Embedding test.

Embedded	spreadsheet


Embedded presentation




Embedded draw.


