Announcing Wolfram Problem Generator:
Questions and answers powered by Wolfram|Alpha's vast collection 
of data and knowledge

Wolfram Problem Generator is the newest way to experience the 
knowledge and computational power of Wolfram|Alpha.
http://url.wolfram.com/P.LlVO/

Give your brain a workout on a number of topics including 
arithmetic, algebra, and calculus. And with over 10 trillion 
pieces of data on Wolfram|Alpha, there's sure to be more to come.

Direct integration with Wolfram|Alpha's Step-by-step solutions 
gives you help if you get stuck. Wolfram Problem Generator also 
creates printable worksheets for quizzes and study 
sessions--great for teachers, tutors, and parents.
http://url.wolfram.com/ylnI4g/

Start Practicing!

...with a FREE trial of Wolfram|alpha Pro:
http://url.wolfram.com/M2OBmw/

Wolfram Problem Generator isn't all you get with Pro. During your 
free trial, you'll also enjoy benefits like unlimited access to 
Step-by-step solutions, data upload, image input, and 
downloadable results pages.

----------------------
Wolfram Alpha LLC: 100 Trade Center Drive, Champaign, IL 61820
1-800-WOLFRAM
1-217-398-0700
http://www.wolframalpha.com

To view our privacy policy, click here:
http://www.wolfram.com/legal/privacy/wolfram-alpha.html

To update your email, click here:
http://www.wolfram.com/emailchange

Copyright 2013 Wolfram Alpha LLC--A Wolfram Research Company. 
Wolfram|Alpha is a registered trademark of Wolfram Alpha LLC. All 
other trademarks are the property of their respective owners.


   Unlimited random practice problems and answers 	 _View_in_web_browser_ 
  Wolfram|Alpha
 Announcing 
 Wolfram Problem Generator ™ 
 Questions and answers powered by Wolfram|Alpha's vast collection of data and knowledge 
 Need a hint? Step-by-step solution?
 _Wolfram_Problem_Generator_ is the newest way to experience the knowledge and computational power of Wolfram|Alpha. 
 Give your brain a workout on a number of topics including arithmetic, algebra, and calculus. And with over 10 trillion pieces of data on Wolfram|Alpha, there's sure to be more to come. 
 Direct integration with Wolfram|Alpha's _Step-by-step_solutions_ is there to help if you get stuck. Wolfram Problem Generator also creates printable worksheets for quizzes and study sessions—great for teachers, tutors, and parents. 
 _Start_Practicing!
_ 
 Wolfram Problem Generator isn't all you get with Pro. During your free trial, you'll enjoy unlimited access to Step-by-step solutions, data upload, image input, downloadable results pages, and more. 
  FOLLOW US:	 _
_ 	 _Facebook_ 	 _
_ 	 _Twitter_ 	 _
_ 	 _LinkedIn_ 	 _
_ 	 _YouTube_ 
 © 2013 Wolfram Alpha LLC—A _Wolfram_Research_ Company 
_Unsubscribe_ | _Update_Your_Email_ | _Privacy_Policy_ 
This message was sent to <alicja.cc@gmail.com> by Wolfram Alpha LLC. Mailing address: 100 Trade Center Dr., Champaign, IL 61820, USA 
Wolfram|Alpha is a registered trademark of Wolfram Alpha LLC. All other trademarks are the property of their respective owners. 



parsed links:
http://msgcache.wolfram.com/alpha/2013/10/2013109898/ @ index = 1593 length = 21
http://url.wolfram.com/P.LlVO/ @ index = 1804 length = 27
http://url.wolfram.com/ylnI4g/ @ index = 2149 length = 24
http://url.wolfram.com/M2OBmw/ @ index = 2345 length = 20
http://url.wolfram.com/BNKWWk/ @ index = 2582 length = 3
http://url.wolfram.com/BNKWWk/ @ index = 2588 length = 10
http://url.wolfram.com/Pv7QaA/ @ index = 2601 length = 3
http://url.wolfram.com/Pv7QaA/ @ index = 2607 length = 9
http://url.wolfram.com/yNH4I0/ @ index = 2619 length = 3
http://url.wolfram.com/yNH4I0/ @ index = 2625 length = 10
http://url.wolfram.com/Mv3_-g/ @ index = 2638 length = 3
http://url.wolfram.com/Mv3_-g/ @ index = 2644 length = 9
http://url.wolfram.com/Cc0jw4/ @ index = 2686 length = 18
http://www.wolfram.com/unsubscribe/?email=alicja.cc%40gmail.com&mailing=13&wave=412&hash=4f8bec493d6dd521170dd16bc6271fbf6499f6f6 @ index = 2714 length = 13
http://www.wolfram.com/emailchange/?email=alicja.cc@gmail.com&mid=WRxxxxxxx @ index = 2730 length = 19
http://www.wolfram.com/legal/privacy/wolfram-alpha.html @ index = 2752 length = 16
