W dniu 02.11.2013 03:56, haruchi ACC napisał(a):
> Dowolna losowa odpowiedź
> 
> W dniu 2 listopada 2013 03:55 użytkownik Alicja Celigowska
> <alicja.celigowska@silvercoders.com> napisał:
> 
>> Pierwszy test EML.
>> 
>> --
>> Alicja Celigowska         SILVERCODERS(R) - "Quality and
>> Competence"
>> http://silvercoders.com [1]                   Foksal 18,
>> 00-372 Warszawa
>> 50% zysku dla dystrybutorów, zapraszamy!     tel. +48 (22) 213
>> 91 14 [2]
>> https://wizytowka.rzetelnafirma.pl/WHYCR231 [3]  fax. +48 (22) 213
>> 91 15 [4]
> 
> 
> 
> Links:
> ------
> [1] http://silvercoders.com
> [2] tel:%2B48%20%2822%29%20213%2091%2014
> [3] https://wizytowka.rzetelnafirma.pl/WHYCR231
> [4] tel:%2B48%20%2822%29%20213%2091%2015

Ostatnia wiadomość w teście.

-- 
Alicja Celigowska         SILVERCODERS(R) - "Quality and Competence"
http://silvercoders.com                   Foksal 18, 00-372 Warszawa
50% zysku dla dystrybutorów, zapraszamy!     tel. +48 (22) 213 91 14
https://wizytowka.rzetelnafirma.pl/WHYCR231  fax. +48 (22) 213 91 15



